3
1 1 0
1
42
-20
0
160
36
18 2
10.0.0.2
No more network devices

Press Ctrl-B for the gPXE command line...                                         
