ab
Hello world, howdy?
Hello world. Don't shoot!
1
1
${a} = "hello ${b} = world"
28
1
No more network devices

Press Ctrl-B for the gPXE command line...                                         
